More information:
http://nginx.org/en/docs/


-----------------------------------------------  Nginx docker example  -----------------------------------------------------------
$ docker pull nginx
$ docker run -p 8080:80 -it nginx /bin/bash
(nginx_docker prompt)$ nginx                      # run nginx manually
or
$ docker run -p 8080:80 -d nginx                  # run nginx docker background
Note: 
1. nginx will automatically execute command: nginx -g "daemon off". 
2. You may know it by "$ docker ps" or "$ docker inspect <nginx_id>" commands (notice "command" or "CMD" fields)


Now open a browser on another computer: http://host_ip:8080
If nginx web shows up, it means it works!
Note: use host ip not docker container ip.

Make a little change.
$ docker cp <nginx_container_id>:/usr/share/nginx/html ~/nginx        # copy the container html directory
$ vim ~/nginx/html/index.html                     # make a little change.
Exit or stop nginx container now.
$ docker run -p 8080:80 -v ~/nginx/html/:/usr/share/nginx/html -d nginx
Now update the address to confirm the new webpage: http://host_ip:8080

Make more changes.
$ cp -r ~/ngnix/html ~/nginx/html_2
$ vim ~/nginx/html_2/index.html                     # make a little change.
$ docker run -p 8081:80 -v ~/nginx/html/:/usr/share/nginx/html -d nginx
Now update the address to confirm the new webpage: http://host_ip:8081
Note: 8080 -> 8081



-----------------------------------------------  Nginx Command Line -----------------------------------------------------------
-? | -h             — print help for command-line parameters.
-c file             — use an alternative configuration file instead of a default file.
-g directives       — set global configuration directives, for example,
                        nginx -g "pid /var/run/nginx.pid; worker_processes `sysctl -n hw.ncpu`;"
-p prefix           — set nginx path prefix, i.e. a directory that will keep server files (default value is /usr/local/nginx).
-q                  — suppress non-error messages during configuration testing.
-s signal           — send a signal to the master process. The argument signal can be one of:
        stop                — shut down quickly
        quit                — shut down gracefully
        reload              — reload configuration, start the new worker process with a new configuration, gracefully shut down 
                                old worker processes.
        reopen              — reopen log files
        
-t                  — test the configuration file: nginx checks the configuration for correct syntax, and then tries to 
                        open files referred in the configuration.
-T                  — same as -t, but additionally dump configuration files to standard output (1.9.2).
-v                  — print nginx version.
-V                  — print nginx version, compiler version, and configure parameters.
